C:\Users\jjaguilal\Documents\DIACO APP\QUEJAS-DIACO\Backend\Quejas Ini y App - old\src\main\java\gt\gob\mineco\diaco\dao\CalificacionRepository.java
C:\Users\jjaguilal\Documents\DIACO APP\QUEJAS-DIACO\Backend\Quejas Ini y App - old\src\main\java\gt\gob\mineco\diaco\model\DiacoEtnia.java
C:\Users\jjaguilal\Documents\DIACO APP\QUEJAS-DIACO\Backend\Quejas Ini y App - old\src\main\java\gt\gob\mineco\diaco\model\Municipio.java
C:\Users\jjaguilal\Documents\DIACO APP\QUEJAS-DIACO\Backend\Quejas Ini y App - old\src\main\java\gt\gob\mineco\diaco\service\ActividadesEconomicasServiceImp.java
C:\Users\jjaguilal\Documents\DIACO APP\QUEJAS-DIACO\Backend\Quejas Ini y App - old\src\main\java\gt\gob\mineco\diaco\model\TipoConfirmarAccion.java
C:\Users\jjaguilal\Documents\DIACO APP\QUEJAS-DIACO\Backend\Quejas Ini y App - old\src\main\java\gt\gob\mineco\diaco\model\DiacoEmail.java
C:\Users\jjaguilal\Documents\DIACO APP\QUEJAS-DIACO\Backend\Quejas Ini y App - old\src\main\java\gt\gob\mineco\diaco\model\TipoFlujoGuia.java
C:\Users\jjaguilal\Documents\DIACO APP\QUEJAS-DIACO\Backend\Quejas Ini y App - old\src\main\java\gt\gob\mineco\diaco\dto\NotificacionDto.java
C:\Users\jjaguilal\Documents\DIACO APP\QUEJAS-DIACO\Backend\Quejas Ini y App - old\src\main\java\gt\gob\mineco\diaco\model\TipoRepositorio.java
C:\Users\jjaguilal\Documents\DIACO APP\QUEJAS-DIACO\Backend\Quejas Ini y App - old\src\main\java\gt\gob\mineco\diaco\rs\TipoImagenesQuejaRs.java
C:\Users\jjaguilal\Documents\DIACO APP\QUEJAS-DIACO\Backend\Quejas Ini y App - old\src\main\java\gt\gob\mineco\diaco\dto\QuejaConDto.java
C:\Users\jjaguilal\Documents\DIACO APP\QUEJAS-DIACO\Backend\Quejas Ini y App - old\src\main\java\gt\gob\mineco\diaco\model\TipoTipoCola.java
C:\Users\jjaguilal\Documents\DIACO APP\QUEJAS-DIACO\Backend\Quejas Ini y App - old\src\main\java\gt\gob\mineco\diaco\model\TipoQueja.java
C:\Users\jjaguilal\Documents\DIACO APP\QUEJAS-DIACO\Backend\Quejas Ini y App - old\src\main\java\gt\gob\mineco\diaco\dao\ProveedorRepository.java
C:\Users\jjaguilal\Documents\DIACO APP\QUEJAS-DIACO\Backend\Quejas Ini y App - old\src\main\java\gt\gob\mineco\diaco\model\DiacoQuejaCorrelativo.java
C:\Users\jjaguilal\Documents\DIACO APP\QUEJAS-DIACO\Backend\Quejas Ini y App - old\src\main\java\gt\gob\mineco\diaco\dao\SecurityManagerRepository.java
C:\Users\jjaguilal\Documents\DIACO APP\QUEJAS-DIACO\Backend\Quejas Ini y App - old\src\main\java\gt\gob\mineco\diaco\model\DiacoCatalogoCatagoriaCalificacion.java
C:\Users\jjaguilal\Documents\DIACO APP\QUEJAS-DIACO\Backend\Quejas Ini y App - old\src\main\java\gt\gob\mineco\diaco\model\TipoFlujo.java
C:\Users\jjaguilal\Documents\DIACO APP\QUEJAS-DIACO\Backend\Quejas Ini y App - old\src\main\java\gt\gob\mineco\diaco\model\TipoMunicipio.java
C:\Users\jjaguilal\Documents\DIACO APP\QUEJAS-DIACO\Backend\Quejas Ini y App - old\src\main\java\gt\gob\mineco\diaco\rs\EtniasRs.java
C:\Users\jjaguilal\Documents\DIACO APP\QUEJAS-DIACO\Backend\Quejas Ini y App - old\src\main\java\gt\gob\mineco\diaco\model\TipoEmailFuente.java
C:\Users\jjaguilal\Documents\DIACO APP\QUEJAS-DIACO\Backend\Quejas Ini y App - old\src\main\java\gt\gob\mineco\diaco\util\FormImagenSubmit.java
C:\Users\jjaguilal\Documents\DIACO APP\QUEJAS-DIACO\Backend\Quejas Ini y App - old\src\main\java\gt\gob\mineco\diaco\model\TipoCatalogo.java
C:\Users\jjaguilal\Documents\DIACO APP\QUEJAS-DIACO\Backend\Quejas Ini y App - old\src\main\java\gt\gob\mineco\diaco\model\DiacoDiaInhabil.java
C:\Users\jjaguilal\Documents\DIACO APP\QUEJAS-DIACO\Backend\Quejas Ini y App - old\src\main\java\gt\gob\mineco\diaco\dto\ConfirmaEmailDto.java
C:\Users\jjaguilal\Documents\DIACO APP\QUEJAS-DIACO\Backend\Quejas Ini y App - old\src\main\java\gt\gob\mineco\diaco\model\DiacoImagenesProveedor.java
C:\Users\jjaguilal\Documents\DIACO APP\QUEJAS-DIACO\Backend\Quejas Ini y App - old\src\main\java\gt\gob\mineco\diaco\rs\ResultDetail.java
C:\Users\jjaguilal\Documents\DIACO APP\QUEJAS-DIACO\Backend\Quejas Ini y App - old\src\main\java\gt\gob\mineco\diaco\model\DiacoTelefono.java
C:\Users\jjaguilal\Documents\DIACO APP\QUEJAS-DIACO\Backend\Quejas Ini y App - old\src\main\java\gt\gob\mineco\diaco\util\NumerosEnLetras.java
C:\Users\jjaguilal\Documents\DIACO APP\QUEJAS-DIACO\Backend\Quejas Ini y App - old\src\main\java\gt\gob\mineco\diaco\model\DiacoCalificacionUsuarioProv.java
C:\Users\jjaguilal\Documents\DIACO APP\QUEJAS-DIACO\Backend\Quejas Ini y App - old\src\main\java\gt\gob\mineco\diaco\model\TipoEmail.java
C:\Users\jjaguilal\Documents\DIACO APP\QUEJAS-DIACO\Backend\Quejas Ini y App - old\src\main\java\gt\gob\mineco\diaco\dto\DetalleCalendarioDto.java
C:\Users\jjaguilal\Documents\DIACO APP\QUEJAS-DIACO\Backend\Quejas Ini y App - old\src\main\java\gt\gob\mineco\diaco\annotation\SecuredResource.java
C:\Users\jjaguilal\Documents\DIACO APP\QUEJAS-DIACO\Backend\Quejas Ini y App - old\src\main\java\gt\gob\mineco\diaco\model\TipoTipoImagen.java
C:\Users\jjaguilal\Documents\DIACO APP\QUEJAS-DIACO\Backend\Quejas Ini y App - old\src\main\java\gt\gob\mineco\diaco\service\EncDecImp.java
C:\Users\jjaguilal\Documents\DIACO APP\QUEJAS-DIACO\Backend\Quejas Ini y App - old\src\main\java\gt\gob\mineco\diaco\model\DiacoPtsGeneralCalifProv.java
C:\Users\jjaguilal\Documents\DIACO APP\QUEJAS-DIACO\Backend\Quejas Ini y App - old\src\main\java\gt\gob\mineco\diaco\util\NumerosEnLetrasOrdinales.java
C:\Users\jjaguilal\Documents\DIACO APP\QUEJAS-DIACO\Backend\Quejas Ini y App - old\src\main\java\gt\gob\mineco\diaco\dao\SedeRepository.java
C:\Users\jjaguilal\Documents\DIACO APP\QUEJAS-DIACO\Backend\Quejas Ini y App - old\src\main\java\gt\gob\mineco\diaco\service\TipoImagenesQuejaServiceImp.java
C:\Users\jjaguilal\Documents\DIACO APP\QUEJAS-DIACO\Backend\Quejas Ini y App - old\src\main\java\gt\gob\mineco\diaco\model\TipoImagenesQueja.java
C:\Users\jjaguilal\Documents\DIACO APP\QUEJAS-DIACO\Backend\Quejas Ini y App - old\src\main\java\gt\gob\mineco\diaco\dao\TipoComercioRepository.java
C:\Users\jjaguilal\Documents\DIACO APP\QUEJAS-DIACO\Backend\Quejas Ini y App - old\src\main\java\gt\gob\mineco\diaco\dto\ProveedorDto.java
C:\Users\jjaguilal\Documents\DIACO APP\QUEJAS-DIACO\Backend\Quejas Ini y App - old\src\main\java\gt\gob\mineco\diaco\model\TipoAudiencia.java
C:\Users\jjaguilal\Documents\DIACO APP\QUEJAS-DIACO\Backend\Quejas Ini y App - old\src\main\java\gt\gob\mineco\diaco\exception\ErrorException.java
C:\Users\jjaguilal\Documents\DIACO APP\QUEJAS-DIACO\Backend\Quejas Ini y App - old\src\main\java\gt\gob\mineco\diaco\dto\DiacoQuejaDto.java
C:\Users\jjaguilal\Documents\DIACO APP\QUEJAS-DIACO\Backend\Quejas Ini y App - old\src\main\java\gt\gob\mineco\diaco\model\Departamento.java
C:\Users\jjaguilal\Documents\DIACO APP\QUEJAS-DIACO\Backend\Quejas Ini y App - old\src\main\java\gt\gob\mineco\diaco\model\DiacoPais.java
C:\Users\jjaguilal\Documents\DIACO APP\QUEJAS-DIACO\Backend\Quejas Ini y App - old\src\main\java\gt\gob\mineco\diaco\model\TipoTelefono.java
C:\Users\jjaguilal\Documents\DIACO APP\QUEJAS-DIACO\Backend\Quejas Ini y App - old\src\main\java\gt\gob\mineco\diaco\service\DepartamentosServiceImp.java
C:\Users\jjaguilal\Documents\DIACO APP\QUEJAS-DIACO\Backend\Quejas Ini y App - old\src\main\java\gt\gob\mineco\diaco\util\FormCalificacionUsuario.java
C:\Users\jjaguilal\Documents\DIACO APP\QUEJAS-DIACO\Backend\Quejas Ini y App - old\src\main\java\gt\gob\mineco\diaco\rs\QuejasRsIni.java
C:\Users\jjaguilal\Documents\DIACO APP\QUEJAS-DIACO\Backend\Quejas Ini y App - old\src\main\java\gt\gob\mineco\diaco\rs\ProveedoresRs.java
C:\Users\jjaguilal\Documents\DIACO APP\QUEJAS-DIACO\Backend\Quejas Ini y App - old\src\main\java\gt\gob\mineco\diaco\service\PaisesServiceImp.java
C:\Users\jjaguilal\Documents\DIACO APP\QUEJAS-DIACO\Backend\Quejas Ini y App - old\src\main\java\gt\gob\mineco\diaco\dao\EtniaRepository.java
C:\Users\jjaguilal\Documents\DIACO APP\QUEJAS-DIACO\Backend\Quejas Ini y App - old\src\main\java\gt\gob\mineco\diaco\dto\ConsumidorDto.java
C:\Users\jjaguilal\Documents\DIACO APP\QUEJAS-DIACO\Backend\Quejas Ini y App - old\src\main\java\gt\gob\mineco\diaco\model\TipoUsuarioPerfilPK.java
C:\Users\jjaguilal\Documents\DIACO APP\QUEJAS-DIACO\Backend\Quejas Ini y App - old\src\main\java\gt\gob\mineco\diaco\model\DiacoQueja.java
C:\Users\jjaguilal\Documents\DIACO APP\QUEJAS-DIACO\Backend\Quejas Ini y App - old\src\main\java\gt\gob\mineco\diaco\model\TipoUsuarioPerfil.java
C:\Users\jjaguilal\Documents\DIACO APP\QUEJAS-DIACO\Backend\Quejas Ini y App - old\src\main\java\gt\gob\mineco\diaco\dto\ProveedorAprobadoDomFisDto.java
C:\Users\jjaguilal\Documents\DIACO APP\QUEJAS-DIACO\Backend\Quejas Ini y App - old\src\main\java\gt\gob\mineco\diaco\rs\MunicipiosRs.java
C:\Users\jjaguilal\Documents\DIACO APP\QUEJAS-DIACO\Backend\Quejas Ini y App - old\src\main\java\gt\gob\mineco\diaco\model\TipoPerfilesPuesto.java
C:\Users\jjaguilal\Documents\DIACO APP\QUEJAS-DIACO\Backend\Quejas Ini y App - old\src\main\java\gt\gob\mineco\diaco\model\DiacoAreaInterna.java
C:\Users\jjaguilal\Documents\DIACO APP\QUEJAS-DIACO\Backend\Quejas Ini y App - old\src\main\java\gt\gob\mineco\diaco\model\TipoMailServer.java
C:\Users\jjaguilal\Documents\DIACO APP\QUEJAS-DIACO\Backend\Quejas Ini y App - old\src\main\java\gt\gob\mineco\diaco\model\DiacoMagicLink.java
C:\Users\jjaguilal\Documents\DIACO APP\QUEJAS-DIACO\Backend\Quejas Ini y App - old\src\main\java\gt\gob\mineco\diaco\model\DiacoConsumidor.java
C:\Users\jjaguilal\Documents\DIACO APP\QUEJAS-DIACO\Backend\Quejas Ini y App - old\src\main\java\gt\gob\mineco\diaco\model\DiacoParametros.java
C:\Users\jjaguilal\Documents\DIACO APP\QUEJAS-DIACO\Backend\Quejas Ini y App - old\src\main\java\gt\gob\mineco\diaco\model\TipoEmailEnviar.java
C:\Users\jjaguilal\Documents\DIACO APP\QUEJAS-DIACO\Backend\Quejas Ini y App - old\src\main\java\gt\gob\mineco\diaco\service\SecuredResourceFilter.java
C:\Users\jjaguilal\Documents\DIACO APP\QUEJAS-DIACO\Backend\Quejas Ini y App - old\src\main\java\gt\gob\mineco\diaco\util\CheckNull.java
C:\Users\jjaguilal\Documents\DIACO APP\QUEJAS-DIACO\Backend\Quejas Ini y App - old\src\main\java\gt\gob\mineco\diaco\dao\MotivoQuejaRepository.java
C:\Users\jjaguilal\Documents\DIACO APP\QUEJAS-DIACO\Backend\Quejas Ini y App - old\src\main\java\gt\gob\mineco\diaco\dao\ProveedorComunRepository.java
C:\Users\jjaguilal\Documents\DIACO APP\QUEJAS-DIACO\Backend\Quejas Ini y App - old\src\main\java\gt\gob\mineco\diaco\model\TipoProgramaAudiencia.java
C:\Users\jjaguilal\Documents\DIACO APP\QUEJAS-DIACO\Backend\Quejas Ini y App - old\src\main\java\gt\gob\mineco\diaco\rs\QuejasRs.java
C:\Users\jjaguilal\Documents\DIACO APP\QUEJAS-DIACO\Backend\Quejas Ini y App - old\src\main\java\gt\gob\mineco\diaco\service\ProveedoresComunesServiceImp.java
C:\Users\jjaguilal\Documents\DIACO APP\QUEJAS-DIACO\Backend\Quejas Ini y App - old\src\main\java\gt\gob\mineco\diaco\rs\PaisesRs.java
C:\Users\jjaguilal\Documents\DIACO APP\QUEJAS-DIACO\Backend\Quejas Ini y App - old\src\main\java\gt\gob\mineco\diaco\rs\TiposComercioRs.java
C:\Users\jjaguilal\Documents\DIACO APP\QUEJAS-DIACO\Backend\Quejas Ini y App - old\src\main\java\gt\gob\mineco\diaco\model\DiacoPuesto.java
C:\Users\jjaguilal\Documents\DIACO APP\QUEJAS-DIACO\Backend\Quejas Ini y App - old\src\main\java\gt\gob\mineco\diaco\model\TipoDepartamento.java
C:\Users\jjaguilal\Documents\DIACO APP\QUEJAS-DIACO\Backend\Quejas Ini y App - old\src\main\java\gt\gob\mineco\diaco\util\JWTUtils.java
C:\Users\jjaguilal\Documents\DIACO APP\QUEJAS-DIACO\Backend\Quejas Ini y App - old\src\main\java\gt\gob\mineco\diaco\model\TipoColaAsignacion.java
C:\Users\jjaguilal\Documents\DIACO APP\QUEJAS-DIACO\Backend\Quejas Ini y App - old\src\main\java\gt\gob\mineco\diaco\rs\DepartamentosRs.java
C:\Users\jjaguilal\Documents\DIACO APP\QUEJAS-DIACO\Backend\Quejas Ini y App - old\src\main\java\gt\gob\mineco\diaco\model\DiacoImagenes.java
C:\Users\jjaguilal\Documents\DIACO APP\QUEJAS-DIACO\Backend\Quejas Ini y App - old\src\main\java\gt\gob\mineco\diaco\model\DiacoTipoComercio.java
C:\Users\jjaguilal\Documents\DIACO APP\QUEJAS-DIACO\Backend\Quejas Ini y App - old\src\main\java\gt\gob\mineco\diaco\model\TipoTokenBlacklist.java
C:\Users\jjaguilal\Documents\DIACO APP\QUEJAS-DIACO\Backend\Quejas Ini y App - old\src\main\java\gt\gob\mineco\diaco\model\DiacoEstadoQueja.java
C:\Users\jjaguilal\Documents\DIACO APP\QUEJAS-DIACO\Backend\Quejas Ini y App - old\src\main\java\gt\gob\mineco\diaco\dao\QuejaRepository.java
C:\Users\jjaguilal\Documents\DIACO APP\QUEJAS-DIACO\Backend\Quejas Ini y App - old\src\main\java\gt\gob\mineco\diaco\model\TipoUsuario.java
C:\Users\jjaguilal\Documents\DIACO APP\QUEJAS-DIACO\Backend\Quejas Ini y App - old\src\main\java\gt\gob\mineco\diaco\service\ConsumidoresServiceImp.java
C:\Users\jjaguilal\Documents\DIACO APP\QUEJAS-DIACO\Backend\Quejas Ini y App - old\src\main\java\gt\gob\mineco\diaco\service\SedesServiceImp.java
C:\Users\jjaguilal\Documents\DIACO APP\QUEJAS-DIACO\Backend\Quejas Ini y App - old\src\main\java\gt\gob\mineco\diaco\util\ResponseRs.java
C:\Users\jjaguilal\Documents\DIACO APP\QUEJAS-DIACO\Backend\Quejas Ini y App - old\src\main\java\gt\gob\mineco\diaco\dao\DepartamentoRepository.java
C:\Users\jjaguilal\Documents\DIACO APP\QUEJAS-DIACO\Backend\Quejas Ini y App - old\src\main\java\gt\gob\mineco\diaco\rs\ProveedoresComunesRs.java
C:\Users\jjaguilal\Documents\DIACO APP\QUEJAS-DIACO\Backend\Quejas Ini y App - old\src\main\java\gt\gob\mineco\diaco\service\SecurityManagerServiceImpl.java
C:\Users\jjaguilal\Documents\DIACO APP\QUEJAS-DIACO\Backend\Quejas Ini y App - old\src\main\java\gt\gob\mineco\diaco\service\TipoImagenesQuejaService.java
C:\Users\jjaguilal\Documents\DIACO APP\QUEJAS-DIACO\Backend\Quejas Ini y App - old\src\main\java\gt\gob\mineco\diaco\dto\CalendarioDto.java
C:\Users\jjaguilal\Documents\DIACO APP\QUEJAS-DIACO\Backend\Quejas Ini y App - old\src\main\java\gt\gob\mineco\diaco\rs\RsProceso.java
C:\Users\jjaguilal\Documents\DIACO APP\QUEJAS-DIACO\Backend\Quejas Ini y App - old\src\main\java\gt\gob\mineco\diaco\dto\ProveedorAprobadoRepDto.java
C:\Users\jjaguilal\Documents\DIACO APP\QUEJAS-DIACO\Backend\Quejas Ini y App - old\src\main\java\gt\gob\mineco\diaco\model\DiacoEstablecimiento.java
C:\Users\jjaguilal\Documents\DIACO APP\QUEJAS-DIACO\Backend\Quejas Ini y App - old\src\main\java\gt\gob\mineco\diaco\model\DiacoRazonFinalCons.java
C:\Users\jjaguilal\Documents\DIACO APP\QUEJAS-DIACO\Backend\Quejas Ini y App - old\src\main\java\gt\gob\mineco\diaco\model\DiacoActividadEconomica.java
C:\Users\jjaguilal\Documents\DIACO APP\QUEJAS-DIACO\Backend\Quejas Ini y App - old\src\main\java\gt\gob\mineco\diaco\model\TipoQueja_MainAtCon.java
C:\Users\jjaguilal\Documents\DIACO APP\QUEJAS-DIACO\Backend\Quejas Ini y App - old\src\main\java\gt\gob\mineco\diaco\rs\MotivosQuejaRs.java
C:\Users\jjaguilal\Documents\DIACO APP\QUEJAS-DIACO\Backend\Quejas Ini y App - old\src\main\java\gt\gob\mineco\diaco\exception\UnauthorizedException.java
C:\Users\jjaguilal\Documents\DIACO APP\QUEJAS-DIACO\Backend\Quejas Ini y App - old\src\main\java\gt\gob\mineco\diaco\util\Crypto.java
C:\Users\jjaguilal\Documents\DIACO APP\QUEJAS-DIACO\Backend\Quejas Ini y App - old\src\main\java\gt\gob\mineco\diaco\dao\PaisRepository.java
C:\Users\jjaguilal\Documents\DIACO APP\QUEJAS-DIACO\Backend\Quejas Ini y App - old\src\main\java\gt\gob\mineco\diaco\rs\RsResultado.java
C:\Users\jjaguilal\Documents\DIACO APP\QUEJAS-DIACO\Backend\Quejas Ini y App - old\src\main\java\gt\gob\mineco\diaco\model\DiacoMotivoQueja.java
C:\Users\jjaguilal\Documents\DIACO APP\QUEJAS-DIACO\Backend\Quejas Ini y App - old\src\main\java\gt\gob\mineco\diaco\service\NotificacionCorreoImp.java
C:\Users\jjaguilal\Documents\DIACO APP\QUEJAS-DIACO\Backend\Quejas Ini y App - old\src\main\java\gt\gob\mineco\diaco\model\TipoQuejaAsignacion.java
C:\Users\jjaguilal\Documents\DIACO APP\QUEJAS-DIACO\Backend\Quejas Ini y App - old\src\main\java\gt\gob\mineco\diaco\rs\SedesRs.java
C:\Users\jjaguilal\Documents\DIACO APP\QUEJAS-DIACO\Backend\Quejas Ini y App - old\src\main\java\gt\gob\mineco\diaco\dto\ChangePasswordDto.java
C:\Users\jjaguilal\Documents\DIACO APP\QUEJAS-DIACO\Backend\Quejas Ini y App - old\src\main\java\gt\gob\mineco\diaco\model\TipoPlantilla.java
C:\Users\jjaguilal\Documents\DIACO APP\QUEJAS-DIACO\Backend\Quejas Ini y App - old\src\main\java\gt\gob\mineco\diaco\rs\ConsumidoresRs.java
C:\Users\jjaguilal\Documents\DIACO APP\QUEJAS-DIACO\Backend\Quejas Ini y App - old\src\main\java\gt\gob\mineco\diaco\dto\CalificacionProveedorDto.java
C:\Users\jjaguilal\Documents\DIACO APP\QUEJAS-DIACO\Backend\Quejas Ini y App - old\src\main\java\gt\gob\mineco\diaco\model\DiacoProveedorComun.java
C:\Users\jjaguilal\Documents\DIACO APP\QUEJAS-DIACO\Backend\Quejas Ini y App - old\src\main\java\gt\gob\mineco\diaco\service\TiposComercioServiceImp.java
C:\Users\jjaguilal\Documents\DIACO APP\QUEJAS-DIACO\Backend\Quejas Ini y App - old\src\main\java\gt\gob\mineco\diaco\model\DiacoAtenConsumidor.java
C:\Users\jjaguilal\Documents\DIACO APP\QUEJAS-DIACO\Backend\Quejas Ini y App - old\src\main\java\gt\gob\mineco\diaco\service\QuejasServiceImp.java
C:\Users\jjaguilal\Documents\DIACO APP\QUEJAS-DIACO\Backend\Quejas Ini y App - old\src\main\java\gt\gob\mineco\diaco\service\MotivosQuejaServiceImp.java
C:\Users\jjaguilal\Documents\DIACO APP\QUEJAS-DIACO\Backend\Quejas Ini y App - old\src\main\java\gt\gob\mineco\diaco\model\TipoProveedor.java
C:\Users\jjaguilal\Documents\DIACO APP\QUEJAS-DIACO\Backend\Quejas Ini y App - old\src\main\java\gt\gob\mineco\diaco\rs\Principal.java
C:\Users\jjaguilal\Documents\DIACO APP\QUEJAS-DIACO\Backend\Quejas Ini y App - old\src\main\java\gt\gob\mineco\diaco\dto\ProveedorAprobarDto.java
C:\Users\jjaguilal\Documents\DIACO APP\QUEJAS-DIACO\Backend\Quejas Ini y App - old\src\main\java\gt\gob\mineco\diaco\dao\TipoRepository.java
C:\Users\jjaguilal\Documents\DIACO APP\QUEJAS-DIACO\Backend\Quejas Ini y App - old\src\main\java\gt\gob\mineco\diaco\util\Email.java
C:\Users\jjaguilal\Documents\DIACO APP\QUEJAS-DIACO\Backend\Quejas Ini y App - old\src\main\java\gt\gob\mineco\diaco\dao\ConsumidorRepository.java
C:\Users\jjaguilal\Documents\DIACO APP\QUEJAS-DIACO\Backend\Quejas Ini y App - old\src\main\java\gt\gob\mineco\diaco\model\DiacoDiaInhabilXDept.java
C:\Users\jjaguilal\Documents\DIACO APP\QUEJAS-DIACO\Backend\Quejas Ini y App - old\src\main\java\gt\gob\mineco\diaco\model\DiacoSede.java
C:\Users\jjaguilal\Documents\DIACO APP\QUEJAS-DIACO\Backend\Quejas Ini y App - old\src\main\java\gt\gob\mineco\diaco\service\EtniasServiceImp.java
C:\Users\jjaguilal\Documents\DIACO APP\QUEJAS-DIACO\Backend\Quejas Ini y App - old\src\main\java\gt\gob\mineco\diaco\model\DiacoProveedor.java
C:\Users\jjaguilal\Documents\DIACO APP\QUEJAS-DIACO\Backend\Quejas Ini y App - old\src\main\java\gt\gob\mineco\diaco\dao\ActividadEconomicaRepository.java
C:\Users\jjaguilal\Documents\DIACO APP\QUEJAS-DIACO\Backend\Quejas Ini y App - old\src\main\java\gt\gob\mineco\diaco\rs\CorsFilter.java
C:\Users\jjaguilal\Documents\DIACO APP\QUEJAS-DIACO\Backend\Quejas Ini y App - old\src\main\java\gt\gob\mineco\diaco\dto\DiacoQuejaIniDto.java
C:\Users\jjaguilal\Documents\DIACO APP\QUEJAS-DIACO\Backend\Quejas Ini y App - old\src\main\java\gt\gob\mineco\diaco\rs\ActividadesEconomicasRs.java
C:\Users\jjaguilal\Documents\DIACO APP\QUEJAS-DIACO\Backend\Quejas Ini y App - old\src\main\java\gt\gob\mineco\diaco\service\ProveedoresServiceImp.java
C:\Users\jjaguilal\Documents\DIACO APP\QUEJAS-DIACO\Backend\Quejas Ini y App - old\src\main\java\gt\gob\mineco\diaco\util\Constants.java
C:\Users\jjaguilal\Documents\DIACO APP\QUEJAS-DIACO\Backend\Quejas Ini y App - old\src\main\java\gt\gob\mineco\diaco\dao\MunicipioRepository.java
C:\Users\jjaguilal\Documents\DIACO APP\QUEJAS-DIACO\Backend\Quejas Ini y App - old\src\main\java\gt\gob\mineco\diaco\model\DiacoProveedorAprovar.java
C:\Users\jjaguilal\Documents\DIACO APP\QUEJAS-DIACO\Backend\Quejas Ini y App - old\src\main\java\gt\gob\mineco\diaco\service\MunicipiosServiceImp.java
C:\Users\jjaguilal\Documents\DIACO APP\QUEJAS-DIACO\Backend\Quejas Ini y App - old\src\main\java\gt\gob\mineco\diaco\model\DiacoConcvirtInteraccion.java
C:\Users\jjaguilal\Documents\DIACO APP\QUEJAS-DIACO\Backend\Quejas Ini y App - old\src\main\java\gt\gob\mineco\diaco\model\TipoSede.java
C:\Users\jjaguilal\Documents\DIACO APP\QUEJAS-DIACO\Backend\Quejas Ini y App - old\src\main\java\gt\gob\mineco\diaco\model\TipoImagenesInterno.java
C:\Users\jjaguilal\Documents\DIACO APP\QUEJAS-DIACO\Backend\Quejas Ini y App - old\src\main\java\gt\gob\mineco\diaco\model\TipoConsumidor.java
C:\Users\jjaguilal\Documents\DIACO APP\QUEJAS-DIACO\Backend\Quejas Ini y App - old\src\main\java\gt\gob\mineco\diaco\model\TipoPerfilReportePK.java
C:\Users\jjaguilal\Documents\DIACO APP\QUEJAS-DIACO\Backend\Quejas Ini y App - old\src\main\java\gt\gob\mineco\diaco\model\TipoPasoQueja.java
C:\Users\jjaguilal\Documents\DIACO APP\QUEJAS-DIACO\Backend\Quejas Ini y App - old\src\main\java\gt\gob\mineco\diaco\model\TipoEstadoQueja.java
